// Jest Snapshot v1, https://goo.gl/fbAQLP

exports[`MDX processor output 1`] = `
<DocumentFragment>
  <p>
    Introduction to my post with smart â€” punctuation.
  </p>
  <h2>
    Section
  </h2>
  <pre
    class="language-js"
  >
    <code
      class="language-js{2}"
    >
      <span
        class="token keyword"
      >
        function
      </span>
       
      <span
        class="token function"
      >
        doSomething
      </span>
      <span
        class="token punctuation"
      >
        (
      </span>
      <span
        class="token punctuation"
      >
        )
      </span>
       
      <span
        class="token punctuation"
      >
        {
      </span>
      

      <div
        class="mdx-marker"
      >
          
        <span
          class="token console class-name"
        >
          console
        </span>
        <span
          class="token punctuation"
        >
          .
        </span>
        <span
          class="token method function property-access"
        >
          log
        </span>
        <span
          class="token punctuation"
        >
          (
        </span>
        <span
          class="token string"
        >
          'hello'
        </span>
        <span
          class="token punctuation"
        >
          )
        </span>
        

      </div>
      <span
        class="token punctuation"
      >
        }
      </span>
      

    </code>
  </pre>
  <div
    class="custom-block tip"
  >
    <div
      class="custom-block-heading"
    >
      Hot tip!
    </div>
    <div
      class="custom-block-body"
    >
      <p>
        Content.
      </p>
      <p>
        More content.
      </p>
    </div>
  </div>
</DocumentFragment>
`;
